Base-pairs identified by 3DNA-DSSR. Non-canonical bps annotated in graphical representation.
Graphical image generated by VARNA-based procedure
Multiplet identified: X.A21 -> [X.U20, X.U22, X.U47, X.U75, X.A76, a.a90]
Multiplet identified: X.C54 -> [X.U25, X.A55, X.G72]
Multiplet identified: X.G83 -> [X.c13, X.G14]
Multiplet identified: X.U17 -> [X.U16, X.C18, X.A79]
Multiplet identified: X.C50 -> [X.U49, X.U51, X.U75]
Multiplet identified: X.A79 -> [X.U17, X.G78, X.A80]
Multiplet identified: X.c13 -> [X.G14, X.G83]
Multiplet identified: X.G46 -> [X.A23, X.A45, X.U47, X.C53]
Multiplet identified: X.U75 -> [X.A21, X.C50, X.U74, X.A76]
Multiplet identified: X.G42 -> [X.U28, X.A29, X.G43]
Multiplet identified: X.U71 -> [X.A55, X.U70, X.G72]
Multiplet identified: X.G38 -> [X.G37, X.C60, X.A66, X.C67]
Multiplet identified: X.C67 -> [X.G38, X.G59, X.A66, X.U68]
Multiplet identified: X.U34 -> [X.A33, X.G37, X.A64, X.A65]
Multiplet identified: X.U63 -> [X.A35, X.A64]
Multiplet identified: X.A30 -> [X.A29, X.U31, X.U40]
Multiplet identified: X.G59 -> [X.A58, X.C60, X.C67]
Multiplet identified: X.C26 -> [X.U25, X.G44]
Multiplet identified: X.A55 -> [X.C54, X.A56, X.U71, X.G72]
Multiplet identified: X.U22 -> [X.A21, X.A23, X.U47, X.A52, a.a90]
Multiplet identified: X.U51 -> [X.U47, X.C50, X.A52, a.a90]
Multiplet identified: a.a90 -> [X.A21, X.U22, X.U51, X.U74]
Multiplet identified: X.C18 -> [X.U17, X.G78]
Multiplet identified: X.U47 -> [X.A21, X.U22, X.G46, X.U49, X.U51, X.A52]
Multiplet identified: X.A80 -> [X.U16, X.A79, X.G81]
Multiplet identified: X.G14 -> [X.c13, X.C15, X.U82, X.G83]
Multiplet identified: X.G43 -> [X.C27, X.U28, X.G42, X.G44]
Multiplet identified: X.A76 -> [X.U20, X.A21, X.U49, X.U75, X.U77]
Multiplet identified: X.U39 -> [X.U31, X.G32, X.U40]
Multiplet identified: X.G72 -> [X.A24, X.C54, X.A55, X.U71]
Multiplet identified: X.A35 -> [X.U36, X.G37, X.C61, X.U62, X.U63, X.A64]
Multiplet identified: X.U68 -> [X.A58, X.C67, X.C69]
Multiplet identified: X.U31 -> [X.A30, X.G32, X.U39]
Multiplet identified: X.A64 -> [X.U34, X.A35, X.U63, X.A65]
Multiplet identified: X.C27 -> [X.U28, X.G43, X.G44]
Multiplet identified: X.C60 -> [X.G37, X.G38, X.G59, X.C61]
Multiplet identified: X.A23 -> [X.U22, X.U25, X.G46]
Multiplet identified: X.A56 -> [X.A55, X.G57, X.U70]
Multiplet identified: X.A19 -> [X.U20, X.U77, X.G78]
Multiplet identified: X.A52 -> [X.U22, X.U47, X.U51, X.C53]
Multiplet identified: X.G81 -> [X.C15, X.U16, X.A80, X.U82]
Multiplet identified: X.C15 -> [X.G14, X.U16, X.G81]
Multiplet identified: X.U77 -> [X.A19, X.A76, X.G78]
Multiplet identified: X.G44 -> [X.C26, X.C27, X.G43, X.A45]
Multiplet identified: X.A73 -> [X.A24, X.U74]
Multiplet identified: X.U40 -> [X.A30, X.U39]
Multiplet identified: X.C69 -> [X.G57, X.U68, X.U70]
Multiplet identified: X.A65 -> [X.U34, X.G37, X.C61, X.A64, X.A66]
Multiplet identified: X.G32 -> [X.U31, X.A33, X.U39]
Multiplet identified: X.C61 -> [X.A35, X.G37, X.C60, X.U62, X.A65]
Multiplet identified: X.U28 -> [X.C27, X.A29, X.G42, X.G43]
Multiplet identified: X.G57 -> [X.A56, X.A58, X.C69, X.U70]
Multiplet identified: X.A24 -> [X.C53, X.G72, X.A73]
Multiplet identified: X.C53 -> [X.A24, X.U25, X.G46, X.A52]
Multiplet identified: X.U20 -> [X.A19, X.A21, X.U49, X.A76]
Multiplet identified: X.U49 -> [X.U20, X.U47, X.C50, X.A76]
Multiplet identified: X.U82 -> [X.G14, X.G81]
Multiplet identified: X.U16 -> [X.C15, X.U17, X.A80, X.G81]
Multiplet identified: X.A45 -> [X.U25, X.G44, X.G46]
Multiplet identified: X.G78 -> [X.C18, X.A19, X.U77, X.A79]
Multiplet identified: X.U74 -> [X.A73, X.U75, a.a90]
Multiplet identified: X.G37 -> [X.A33, X.U34, X.A35, X.G38, X.C60, X.C61, X.A65]
Multiplet identified: X.U70 -> [X.A56, X.G57, X.C69, X.U71]
Multiplet identified: X.A33 -> [X.G32, X.U34, X.G37, X.A66]
Multiplet identified: X.A66 -> [X.A33, X.G38, X.A65, X.C67]
Multiplet identified: X.A29 -> [X.U28, X.A30, X.U41, X.G42]
Multiplet identified: X.U62 -> [X.A35, X.C61]
Multiplet identified: X.U25 -> [X.A23, X.C26, X.A45, X.C53, X.C54]
Multiplet identified: X.A58 -> [X.G57, X.G59, X.U68]
